34.149.47.34 - - [28/Sep/2020:13:55:32 +0000] "GET /product/catalog HTTP/1.1" 200 1531 "Mozilla/5.0 (X11; Ubuntu; Linux's i686; rv:24.0) Gecko/20100101 Firefox/24.0"
51.232.15.21 - markp [28/Sep/2020:13:55:32 +0000] "GET /product/catalog?item=fe23acd HTTP/1.1" 200 649 "Mozilla/5.0 (X11; U; Linux i686; en-US; rv:1.9a1) Gecko/20070308 Minefield/3.0a1"
92.177.30.4 - - [28/Sep/2020:13:55:32 +0000] "POST /product/cart HTTP/1.1" 200 1198 "Mozilla/5.0 (X11; Datanyze; Linux x86_64) AppleWebKit/537.36 (KHTML, like Gecko) Chrome/65.0.3325.181 Safari/537.36"
112.21.100.55 - root [28/Sep/2020:13:55:32 +0000] "GET /admin.php HTTP/1.1" 404 50 "python-requests/2.21.0"
34.149.47.34 - - [28/Sep/2020:13:55:32 +0000] "GET /product/catalog HTTP/1.1" 200 1531 "Mozilla/5.0 (X11; Ubuntu; Linux i686; rv:24.0) Gecko/20100101 Firefox/24.0"
51.232.15.21 - markp [28/Sep/2020:13:55:32 +0000] "GET /product/catalog?item=fe23acd HTTP/1.1" 200 649 "Mozilla/5.0 (X11; U; Linux i686; en-US; rv:1.9a1) Gecko/20070308 Minefield/3.0a1"
92.177.30.4 - - [28/Sep/2020:13:55:33 +0000] "POST /product/cart HTTP/1.1" 200 1198 "Mozilla/5.0 (X11; Datanyze; Linux x86_64) AppleWebKit/537.36 (KHTML, like Gecko) Chrome/65.0.3325.181 Safari/537.36"
112.21.100.55 - root [28/Sep/2020:13:55:33 +0000] "GET /admin.php HTTP/1.1" 404 50 "python-requests/2.21.0"
34.149.47.34 - - [28/Sep/2020:13:55:33 +0000] "GET /product/catalog HTTP/1.1" 200 1531 "Mozilla/5.0 (X11; Ubuntu; Linux i686; rv:24.0) Gecko/20100101 Firefox/24.0"
51.232.15.21 - markp [28/Sep/2020:13:55:33 +0000] "GET /product/catalog?item=fe23acd HTTP/1.1" 200 649 "Mozilla/5.0 (X11; U; Linux i686; en-US; rv:1.9a1) Gecko/20070308 Minefield/3.0a1"
92.177.30.4 - - [28/Sep/2020:13:55:34 +0000] "POST /product/cart HTTP/1.1" 200 1198 "Mozilla/5.0 (X11; Datanyze; Linux x86_64) AppleWebKit/537.36 (KHTML, like Gecko) Chrome/65.0.3325.181 Safari/537.36"
112.21.100.55 - root 28/Sep/2020:13:55:34[ +0000] "GET /admin.php HTTP/1.1" 404 50 "python-requests/2.21.0"
34.149.47.34 - - [28/Sep/2020:13:55:34 +0000] "GET /product/catalog HTTP/1.1" 200 1531 "Mozilla/5.0 (X11; Ubuntu; Linux i686; rv:24.0) Gecko/20100101 Firefox/24.0"
51.232.15.21 - markp [28/Sep/2020:13:55:34 +0000] "GET /product/catalog?item=fe23acd HTTP/1.1" 200 649 "Mozilla/5.0 (X11; U; Linux i686; en-US; rv:1.9a1) Gecko/20070308 Minefield/3.0a1"
92.177.30.4 - - [28/Sep/2020:13:55:34 +0000] "POST /product/cart HTTP/1.1" 200 1198 "Mozilla/5.0 (X11; Datanyze; Linux x86_64) AppleWebKit/537.36 (KHTML, like Gecko) Chrome/65.0.3325.181 Safari/537.36"
112.21.100.55 - root [28/Sep/2020:13:55:34 +0000] "GET /admin.php HTTP/1.1" 404 50 "python-requests/2.21.0"
34.149.47.34 - - [28/Sep/2020:13:55:34 +0000] "GET /product/catalog HTTP/1.1" 200 1531 "Mozilla/5.0 (X11; Ubuntu; Linux i686; rv:24.0) Gecko/20100101 Firefox/24.0"
51.232.15.21 - markp [28/Sep/2020:13:55:34 +0000] "GET /product/catalog?item=fe23acd HTTP/1.1" 200 649 "Mozilla/5.0 (X11; U; Linux i686; en-US; rv:1.9a1) Gecko/20070308 Minefield/3.0a1"
92.177.30.4 - - [28/Sep/2020:13:55:35 +0000] "POST /product/cart HTTP/1.1" 200 1198 "Mozilla/5.0 (X11; Datanyze; Linux x86_64) AppleWebKit/537.36 (KHTML, like Gecko) Chrome/65.0.3325.181 Safari/537.36"
112.21.100.55 - root [28/Sep/2020:13:55:35 +0000] "GET /admin.php HTTP/1.1" 404 50 "python-requests/2.21.0"
127.0.0.1 - frank [28/Sep/2020:13:55:36 -0700] "GET /apache_pb.gif HTTP/1.0" 200 2326 "http://www.example.com/start.html" "Mozilla/4.08 [en] (Win98; I ;Nav)"
112.21.100.55 - root [28/Sep/2020:13:55:36 +0000] "GET /admin.php HTTP/1.1" 404 50 "python-requests/2.21.0"
127.0.0.1 - frank [28/Sep/2020:13:55:36 -0700] "GET /apache_pb.gif HTTP/1.0" 200 2326 "http://www.example.com/start.html" "Mozilla/4.08 [en] (Win98; I ;Nav)"
192.68.22.11 - - [28/Sep/2020:13:55:37 -0800] "GET /product/catalog HTTP/1.0" 403 68 "" ""
lj1-036.inktomisearch.com - - [28/Sep/2020:13:55:37 -0800] "GET /robots.txt HTTP/1.0" 200 68 "" ""
112.21.100.55 - root [28/Sep/2020:13:55:36 +0000] "GET /admin.php?top=34 HTTP/1.1" 404 50 "python-requests/2.21.0"
217.160.165.173 - - [28/Sep/2020:13:55:37 0500] "GET /foo.jsp?<SCRIPT>foo</SCRIPT>.jsp HTTP/1.1" 200 578 "" "Mozilla/4.75 [en] (X11, U; Nessus)"
217.160.165.173 - - [28/Sep/2020:13:55:37 0500] "GET /cgibin/cvslog.cgi?file=<SCRIPT>window.alert</SCRIPT> HTTP/1.1" 403 302 "" "Mozilla/4.75 [en] (X11, U; Nessus)"
81.171.1.165 - - [28/Sepuuuuuu/2020:13:55:38 0500] "HEAD http://www.sweetgeorgia.com/cgibin/af.cgi?_browser_out=|echo;id;exit| HTTP/1.0" 200 0 "http://www.sweetgeorgia.com/cgibin/af.cgi?_browser_out=|echo;id;exit|" "Mozilla/4.0 (compatible; MSIE 6.0; Windows NT 5.1)"
112.21.100.55 - root [28/Sep/2020:13:55:37 +0000] "GET /admin.php HTTP/1.1" 404 50 "python-requests/2.21.0"
66.138.147.49 - - [28/Sep/2020:13:55:38 0500] "GET http://login.korea.yahoo.com/config/login?.redir_from=PROFILES?.&login=&.tries=1&.src=jpg&.last=&promo=&.intl=us&.bypass=&.partner=&.chkP=Y&.done=http://jpager.yahoo.com/jpager/pager2.shtml&login=blood`1234567890&passwd=password HTTP/1.0" 200 566 "" ""
68.48.142.117 - - [28/Sep/2020:13:55:38 0500] "GET /scripts/..%255c../winnt/system32/cmd.exe?/c+dir HTTP/1.0" 200 566 "" ""
127.0.0.1 - frank [28/Sep/2020:13:55:39 -0700] "GET /apache_pb.gif HTTP/1.0" 200 2326 "http://www.example.com/start.html" "Mozilla/4.08 [en] (Win98; I ;Nav)"
34.149.47.34 - - [28/Sep/2020:13:55:39 +0000] "GET /product/catalog HTTP/1.1" 200 1531 "Mozilla/5.0 (X11; Ubuntu; Linux i686; rv:24.0) Gecko/20100101 Firefox/24.0"
34.149.47.34 - - [28/Sep/2020:13:55:39 +0000] "GET /product/cart HTTP/1.1" 200 1531 "Mozilla/5.0 (X11; Ubuntu; Linux i686; rv:24.0) Gecko/20100101 Firefox/24.0"
51.232.15.21 - markp [28/Sep/2020:13:55:40 +0000] "GET /product/catalog?item=fe23acd HTTP/1.1" 200 649 "Mozilla/5.0 (X11; U; Linux i686; en-US; rv:1.9a1) Gecko/20070308 Minefield/3.0a1"
92.177.30.4 - - [28/Sep/2020:13:55:41 +0000] "POST /product/cart HTTP/1.1" 200 1198 "Mozilla/5.0 (X11; Datanyze; Linux x86_64) AppleWebKit/537.36 (KHTML, like Gecko) Chrome/65.0.3325.181 Safari/537.36"
112.21.100.55 - root [28/Sep/2020:13:55:40 +0000] "GET /foo.jsp?<SCRIPT>foo</SCRIPT>.jsp HTTP/1.1" 404 50 "python-requests/2.21.0"
51.232.15.21 - markp [28/Sep/2020:13:55:40 +0000] "GET /product/catalog?item=fe23acd HTTP/1.1" 200 649 "Mozilla/5.0 (X11; U; Linux i686; en-US; rv:1.9a1) Gecko/20070308 Minefield/3.0a1"
51.232.15.21 - markp [28/Sep/2020:13:55:40 +0000] "GET /product/catalog?item=234 HTTP/1.1" 200 649 "Mozilla/5.0 (X11; U; Linux i686; en-US; rv:1.9a1) Gecko/20070308 Minefield/3.0a1"
51.232.15.21 - markp [28/Sep/2020:13:55:40 +0000] "GET /product/catalog?item=34234 HTTP/1.1" 200 649 "Mozilla/5.0 (X11; U; Linux i686; en-US; rv:1.9a1) Gecko/20070308 Minefield/3.0a1"
51.232.15.21 - markp [28/Sep/2020:13:55:40 +0000] "GET /product/catalog?234 HTTP/1.1" 200 649 "Mozilla/5.0 (X11; U; Linux i686; en-US; rv:1.9a1) Gecko/20070308 Minefield/3.0a1"
51.232.15.21 - markp [28/Sep/2020:13:55:40 +0000] "GET /product/catalog?p=2342 HTTP/1.1" 200 649 "Mozilla/5.0 (X11; U; Linux i686; en-US; rv:1.9a1) Gecko/20070308 Minefield/3.0a1"
